// Jest Snapshot v1, https://goo.gl/fbAQLP

exports[`NoteListMain component renders a .NoteListMain by default 1`] = `
<Route>
  <Component />
</Route>
`;
